// Jest Snapshot v1, https://goo.gl/fbAQLP

exports[`CardGoDeePreview component should render correctly 1`] = `
<div>
  <div
    class="card-content card-content_some-class"
  >
    <div
      class="card-content_text-wrapper"
    >
      <h4
        class="case_title_h4 card-content_title"
      >
        
      some-title
    
      </h4>
       
      <p
        class="case_paragraph card-content_description"
      >
        
      some-description
    
      </p>
    </div>
     
    <div
      class="card-content_image-wrapper card-content_image-wrapper-some-class"
    >
      <picture-stub
        alt="godee"
        class="card-content_desktop-image"
        extension="png"
        file="some-filename"
        folder=""
        height="50"
        width="50"
      />
       
      <picture-stub
        alt="GoDee: bus app management control panel"
        class="card-content_mobile-image"
        extension="png"
        file="mobile-image"
        folder=""
        height="160"
        width="307"
      />
    </div>
  </div>
</div>
`;
