// Jest Snapshot v1, https://goo.gl/fbAQLP

exports[`CardSupportedGadgets component should render correctly 1`] = `
<div class="card-content">
  <h4 class="card-content_title case_title_h4">

  </h4>
  <div class="card-content_gadget-picture-wrapp card-content_gadget-picture-wrapp-undefined-card">
    <picture-stub folder="yourcast" file="undefined-card" extension="png" alt="" lazy="true" width="0" height="0" class="card-content_picture"></picture-stub>
  </div>
  <div class="card-content_gadget-picture-wrapp-mobile card-content_gadget-picture-wrapp-mobile-undefined">
    <picture-stub folder="yourcast" file="" extension="png" alt="" lazy="true" width="0" height="0"></picture-stub>
  </div>
</div>
`;
