// Jest Snapshot v1, https://goo.gl/fbAQLP

exports[`WatchWhatYouLikeVideo component should render correctly 1`] = `
<div>
  <section
    class="container_full m-48_bottom media-m-24_bottom background-color-black-primary"
  >
    <div
      class="case_image-wrapp"
    >
      <picture-stub
        alt="OTT-like Online Video Streaming Platform App."
        extension="png"
        file="iphone-xs-max"
        folder="yourcast"
        height="609.19"
        width="305"
      />
    </div>
  </section>
</div>
`;
