// Jest Snapshot v1, https://goo.gl/fbAQLP

exports[`CardUseCase component should render correctly 1`] = `
<div>
  <div
    class="card-use-case"
  >
    <clientonly-stub>
      <h3
        class="card-use-case__title case_title_h4 card-use-case__undefined-title"
      >
        some-title
      </h3>
    </clientonly-stub>
     
    <div
      class="card-use-case__description-wrapper card-use-case__undefined-description-wrapper"
    >
      <p
        class="case_paragraph card-use-case__paragraph card-use-case__undefined-paragraph"
      >
        
      some-description
    
      </p>
       
      <div
        class="card-use-case__desktop-picture card-use-case__undefined-picture"
      >
        <picture-stub
          alt="alt"
          extension="png"
          file="some-filename"
          folder=""
          height="0"
          width="0"
        />
      </div>
       
      <div
        class="card-use-case__mobile-picture card-use-case__undefined-mobile-picture"
      >
        <picture-stub
          alt="alt"
          extension="png"
          file="some-filename-mobile"
          folder=""
          height="0"
          width="0"
        />
      </div>
    </div>
  </div>
</div>
`;
