// Jest Snapshot v1, https://goo.gl/fbAQLP

exports[`Banner component should render correctly 1`] = `
<div>
  <div
    class="careers-banner careers-banner_en"
  >
    <picture>
      <source
        class="careers-banner__image"
        srcset="img.jpg ,img.jpg"
        type="image/webp"
      />
       
      <img
        alt="Office"
        class="careers-banner__image"
        height="606"
        src="img.jpg"
        srcset="img.jpg"
        width="1239"
      />
    </picture>
     
    <div
      class="container"
    >
      <h1
        class="careers-banner_title"
      >
        
      translated
    
      </h1>
       
      <p
        class="careers-banner_description"
      >
        
      translated
    
      </p>
       
      <button
        class="careers-banner_btn"
      >
        <img
          alt="Russian flag"
          src="@/assets/img/Careers/svg/russian-flag.svg"
        />
        
      translated
    
      </button>
    </div>
  </div>
</div>
`;
