// Jest Snapshot v1, https://goo.gl/fbAQLP

exports[`Benefits component should render correctly 1`] = `
<div>
  <div
    class="benefits container"
  >
    <div
      class="benefits_benefit benefits_benefit-1"
    >
      <h2
        class="benefits_title"
      >
        
      translated
    
      </h2>
       
      <p
        class="benefits_description"
      >
        translated
      </p>
       
      <div
        class="benefits_list"
      >
        <p>
          translated
        </p>
      </div>
    </div>
     
    <div
      class="benefits_benefit benefits_benefit-2"
    >
      <h2
        class="benefits_title"
      >
        
      translated
    
      </h2>
       
      <p
        class="benefits_description"
      >
        translated
      </p>
       
      <div
        class="benefits_list"
      >
        <p>
          translated
        </p>
      </div>
    </div>
     
    <div
      class="benefits_benefit benefits_benefit-3"
    >
      <h2
        class="benefits_title"
      >
        
      translated
    
      </h2>
       
      <p
        class="benefits_description"
      >
        translated
      </p>
       
      <div
        class="benefits_list"
      >
        <p>
          translated
        </p>
      </div>
    </div>
  </div>
</div>
`;
