// Jest Snapshot v1, https://goo.gl/fbAQLP

exports[`CTABanner component should render correctly 1`] = `
<div>
  <div
    class="careers-cta-banner_container container"
  >
    <uibanner-stub
      image="img.png"
      imagealttext="Daria"
      manname="translated"
      manposition="Head of HR Departament"
      text="translated"
      title="translated"
    >
      <a
        href="mailto:cv@maddevs.io"
      >
        
      translated
    
      </a>
       
      <ul
        class="careers-cta-banner__links"
      >
        <li>
          <a
            href="https://career.habr.com/companies/maddevs/cp/vacancies/"
            target="_blank"
          >
            
          Headhunter
        
          </a>
        </li>
         
        <li>
          <a
            href="https://novosibirsk.hh.ru/employer/2861993/"
            target="_blank"
          >
            
          Habr.com
        
          </a>
        </li>
         
        <li>
          <a
            href="https://www.linkedin.com/company/mad-devs/"
            target="_blank"
          >
            
          Linkedin
        
          </a>
        </li>
      </ul>
    </uibanner-stub>
  </div>
</div>
`;
