// Jest Snapshot v1, https://goo.gl/fbAQLP

exports[`EmployeesBenefits component should render correctly 1`] = `
<div>
  <div
    class="employees-benefits"
  >
    <div
      class="employees-benefits_grid-container container"
    >
      <h2
        class="employees-benefits_title"
      >
        
      translated
    
      </h2>
       
      <div
        class="employees-benefits_benefits-cards"
      >
        <benefitcard-stub
          icon="[object Object]"
          title="translated"
        />
        <benefitcard-stub
          icon="[object Object]"
          title="translated"
        />
        <benefitcard-stub
          icon="[object Object]"
          title="translated"
        />
        <benefitcard-stub
          icon="[object Object]"
          title="translated"
        />
        <benefitcard-stub
          icon="[object Object]"
          title="translated"
        />
        <benefitcard-stub
          icon="[object Object]"
          title="translated"
        />
        <benefitcard-stub
          icon="[object Object]"
          title="translated"
        />
        <benefitcard-stub
          icon="[object Object]"
          title="translated"
        />
      </div>
    </div>
     
    <div
      class="employees-benefits_slider-wrap"
    >
      <uislider-stub
        options="[object Object]"
        slides="[object Object],[object Object],[object Object],[object Object],[object Object],[object Object],[object Object],[object Object],[object Object],[object Object],[object Object],[object Object]"
      />
    </div>
  </div>
</div>
`;
