// Jest Snapshot v1, https://goo.gl/fbAQLP

exports[`KeyMetrics component should render correctly 1`] = `
<div>
  <div
    class="key-metrics_container container"
  >
    <h2
      class="key-metrics_title"
    >
      
    translated
  
    </h2>
     
    <div
      class="key-metrics_grid"
    >
      <metriccard-stub
        description="translated"
        title="70+"
      />
      <metriccard-stub
        description="translated"
        title="100+"
      />
      <metriccard-stub
        description="translated"
        title="30+"
      />
      <metriccard-stub
        description="translated"
        title="100+"
      />
      <metriccard-stub
        description="translated"
        title="0"
      />
      <metriccard-stub
        description="translated"
        title="10K"
      />
    </div>
  </div>
</div>
`;
