// Jest Snapshot v1, https://goo.gl/fbAQLP

exports[`LearnCard component should render correctly with no data 1`] = `
<section class="ebook-learn-card">
  <!---->
  <h3 class="ebook-learn-card_title">
    Card title
  </h3>
  <p class="ebook-learn-card_desc">
    Card description
  </p>
</section>
`;
