// Jest Snapshot v1, https://goo.gl/fbAQLP

exports[`ReadForm component should render correctly with no data 1`] = `
<div class="read-form">
  <div class="read-form__fields">
    <div name="name" required="required" placeholder="Your name" validation="" value=""></div>
    <div name="email" placeholder="Email" required="required" value=""></div> <button class="read-form__button read-form__button--active">
      Send me the ebook
    </button>
  </div>
  <p class="read-form__caption">
    By providing your email address, you agree to our Privacy Policy. We will not send you any spam – only link for downloading the ebook and some more useful resources in the future.
  </p>
</div>
`;
