// Jest Snapshot v1, https://goo.gl/fbAQLP

exports[`CaseStudies should render correctly 1`] = `
<div>
  <section
    class="case-studies"
    id="case-studies"
  >
    <div
      class="container"
    >
      <div>
        <h2
          class="case-studies__main-title case-studies__main-title-index"
        >
          
        Case 
          <!---->
          
        Studies
      
        </h2>
         
        <!---->
      </div>
    </div>
     
    <div
      class="container"
    >
      <section
        class="cases-list"
      >
        <caseslistitem-stub
          class="cases-list_veeqo"
          data-testid="test-case-card"
          desc="Our DevOps team optimized the infrastructure for Veeqo, an inventory and shipping e-commerce platform, and made it highly efficient, smooth, and cost-effective for our partners."
          item="[object Object]"
          link="/case-studies/veeqo/"
          logo="[object Object]"
          poster-link="/images/Cases/veeqo/svg/veeqo-banner-bg.svg"
          subtitle="Logistics"
          title="Optimization for Veeqo"
          title-tag="h3"
          video-file-name="/videos/veeqo-banner.mp4#t=1"
          width="full"
        />
        <caseslistitem-stub
          class="cases-list_itc"
          data-testid="test-case-card"
          desc="A web app customized for the delivery of export management coaching missions that contributes to the development of intra-regional and international trade in Central Asia"
          item="[object Object]"
          link="/case-studies/R4TCA-web-application/"
          logo="[object Object]"
          poster-link="/images/Cases/itc/jpg/itc-banner.jpg"
          subtitle="Digital transformation"
          title="Ready4Trade Central Asia"
          title-tag="h3"
          video-file-name="/videos/itc-banner.mp4#t=1"
          width="big"
        />
        <caseslistitem-stub
          class="cases-list_peklo"
          data-testid="test-case-card"
          desc="Mad Devs developed parsing- and clusterisation-based software that automates keyword grouping and text generation, making the launch of contextual ads two times faster."
          item="[object Object]"
          link="/case-studies/peklo/"
          logo="[object Object]"
          poster-link="/images/Cases/peklo/jpg/peklo-banner.jpg"
          subtitle="Contextual ad launcher"
          title="Peklo Tool for better ad campaigns"
          title-tag="h3"
          video-file-name="/videos/peklo-banner.mp4#t=1"
          width="small"
        />
        <caseslistitem-stub
          class="cases-list_sjmc"
          data-testid="test-case-card"
          desc="Mad Devs engineers helped Sir John Monash Centre to enhance and maintain the BYOD multimedia technology."
          item="[object Object]"
          link="/case-studies/sir-john-monash-centre/"
          logo="[object Object]"
          poster-link="/images/Cases/sjmc/jpg/sjmc-poster.jpg"
          subtitle="BYOD"
          title="Sir John Monash Centre"
          title-tag="h3"
          video-file-name="/videos/sjmc/sjmc-main-video.b35a387.mp4#t=2"
          width="full"
        />
      </section>
       
      <nuxtlink-stub
        class="cases-list_see-more"
        to="/case-studies/"
      >
        <span>
          See More
        </span>
      </nuxtlink-stub>
    </div>
  </section>
</div>
`;
