// Jest Snapshot v1, https://goo.gl/fbAQLP

exports[`UIBeforeAfterImage component should render correctly with slot 1`] = `
<div>
  <div
    class="comparsion-container"
    data-testid="track-img"
  >
    <img-comparison-slider>
      <img
        height=""
        slot="first"
        src="img.jpg"
        width=""
      />
       
      <img
        height=""
        slot="second"
        src="img.jpg"
        width=""
      />
    </img-comparison-slider>
  </div>
</div>
`;
