// Jest Snapshot v1, https://goo.gl/fbAQLP

exports[`Technologies component should render correctly 1`] = `
<div>
  <section
    class="container_regular"
  >
    <p
      class="case_paragraph m-24_top media-m-48_top"
    >
      
    Monitoring also helps Mad Devs to prevent service timeouts. When the load grows, we can track spikes, estimate the
    severity of an issue and quickly resolve it.
  
    </p>
     
    <h3
      class="case_title_h3 m-96_top m-48_bottom media-m-72_top media-m-24_bottom"
    >
      
    Technologies used for the Namba Food project
  
    </h3>
     
    <ul
      class="case_list-technologies"
    >
      <listtechnologiesitem-stub
        alt="MySQL"
        imgalt=""
        name="mysql"
      />
      <listtechnologiesitem-stub
        alt="PHP Symfony2"
        imgalt=""
        name="symfony"
      />
      <listtechnologiesitem-stub
        alt="Laravel"
        imgalt=""
        name="laravel"
      />
      <listtechnologiesitem-stub
        alt="Docker"
        classname="case_technologies-item__docker"
        imgalt=""
        name="docker"
      />
      <listtechnologiesitem-stub
        alt="Nginx"
        imgalt=""
        name="nginx"
      />
      <listtechnologiesitem-stub
        alt="Redis"
        imgalt=""
        name="redis"
      />
      <listtechnologiesitem-stub
        alt="Python (Django)"
        imgalt=""
        name="python"
      />
      <listtechnologiesitem-stub
        alt="Golang"
        imgalt=""
        name="go"
      />
      <listtechnologiesitem-stub
        alt="Kotlin"
        imgalt=""
        name="kotlin"
      />
      <listtechnologiesitem-stub
        alt="Java"
        imgalt=""
        name="java"
      />
      <listtechnologiesitem-stub
        alt="Swift"
        imgalt=""
        name="swift"
      />
      <listtechnologiesitem-stub
        alt="Firebase"
        imgalt=""
        name="firebase"
      />
      <listtechnologiesitem-stub
        alt="TestFlight"
        imgalt=""
        name="test-flight"
      />
      <listtechnologiesitem-stub
        alt="OpenStreetMap"
        imgalt=""
        name="open-street-map"
      />
      <listtechnologiesitem-stub
        alt="PHP"
        imgalt=""
        name="php"
      />
      <listtechnologiesitem-stub
        alt="Jira Assistant"
        imgalt=""
        name="jira-assistant-blue"
      />
      <listtechnologiesitem-stub
        alt="Grafana"
        imgalt=""
        name="grafana"
      />
      <listtechnologiesitem-stub
        alt="Sentry"
        imgalt=""
        name="sentry-black"
      />
    </ul>
  </section>
</div>
`;
