// Jest Snapshot v1, https://goo.gl/fbAQLP

exports[`index page renders correctly 1`] = `
<main
  class="main"
>
  <div
    class="banner-container"
  >
    <div
      class="banner-content"
    >
      <div
        class="text-content_wrapper container"
      >
        <div
          class="main-title-wrapper"
        >
          <h1
            class="banner-main_title"
          >
            <span
              class="main-title-black_part"
            >
              Mad Devs
            </span>
             
            <span
              class="main-title-white_part"
            >
              <br />
              Engineering
              <br />
              Your Growth
            </span>
          </h1>
        </div>
         
        <div
          class="icon-item"
        >
          <div
            class="animation-img-wrap"
          />
        </div>
      </div>
    </div>
     
    <div
      class="navigation-wrap container navigation-wrap-"
    >
      <nav
        class="navigation-list navigation-list-"
      >
        <nuxtlink-stub
          class="navigation-item"
          to="services/#remote-tech-staff"
        >
          
      Remote Tech Staff
    
        </nuxtlink-stub>
        <nuxtlink-stub
          class="navigation-item"
          to="services/#software-development"
        >
          
      Software Development
    
        </nuxtlink-stub>
        <nuxtlink-stub
          class="navigation-item"
          to="services/#infrastructure-optimisation"
        >
          
      Infrastructure Optimization
    
        </nuxtlink-stub>
        <nuxtlink-stub
          class="navigation-item"
          to="services/#it-consulting"
        >
          
      IT Consulting
    
        </nuxtlink-stub>
         
      </nav>
    </div>
  </div>
   
  <wecreateitprojectsfor-stub />
   
  <technologiesandtools-stub />
   
  <section
    class="case-studies"
    id="case-studies"
  >
    <div
      class="container"
    >
      <div>
        <h2
          class="case-studies__main-title case-studies__main-title-index"
        >
          
        Case 
          <!---->
          
        Studies
      
        </h2>
         
        <!---->
      </div>
    </div>
     
    <div
      class="container"
    >
      <section
        class="cases-list"
      >
        <caseslistitem-stub
          class="cases-list_veeqo"
          data-testid="test-case-card"
          desc="Our DevOps team optimized the infrastructure for Veeqo, an inventory and shipping e-commerce platform, and made it highly efficient, smooth, and cost-effective for our partners."
          item="[object Object]"
          link="/case-studies/veeqo/"
          logo="[object Object]"
          poster-link="/images/Cases/veeqo/svg/veeqo-banner-bg.svg"
          subtitle="Logistics"
          title="Optimization for Veeqo"
          title-tag="h3"
          video-file-name="/videos/veeqo-banner.mp4#t=1"
          width="full"
        />
        <caseslistitem-stub
          class="cases-list_itc"
          data-testid="test-case-card"
          desc="A web app customized for the delivery of export management coaching missions that contributes to the development of intra-regional and international trade in Central Asia"
          item="[object Object]"
          link="/case-studies/R4TCA-web-application/"
          logo="[object Object]"
          poster-link="/images/Cases/itc/jpg/itc-banner.jpg"
          subtitle="Digital transformation"
          title="Ready4Trade Central Asia"
          title-tag="h3"
          video-file-name="/videos/itc-banner.mp4#t=1"
          width="big"
        />
        <caseslistitem-stub
          class="cases-list_peklo"
          data-testid="test-case-card"
          desc="Mad Devs developed parsing- and clusterisation-based software that automates keyword grouping and text generation, making the launch of contextual ads two times faster."
          item="[object Object]"
          link="/case-studies/peklo/"
          logo="[object Object]"
          poster-link="/images/Cases/peklo/jpg/peklo-banner.jpg"
          subtitle="Contextual ad launcher"
          title="Peklo Tool for better ad campaigns"
          title-tag="h3"
          video-file-name="/videos/peklo-banner.mp4#t=1"
          width="small"
        />
        <caseslistitem-stub
          class="cases-list_sjmc"
          data-testid="test-case-card"
          desc="Mad Devs engineers helped Sir John Monash Centre to enhance and maintain the BYOD multimedia technology."
          item="[object Object]"
          link="/case-studies/sir-john-monash-centre/"
          logo="[object Object]"
          poster-link="/images/Cases/sjmc/jpg/sjmc-poster.jpg"
          subtitle="BYOD"
          title="Sir John Monash Centre"
          title-tag="h3"
          video-file-name="/videos/sjmc/sjmc-main-video.b35a387.mp4#t=2"
          width="full"
        />
      </section>
       
      <nuxtlink-stub
        class="cases-list_see-more"
        to="/case-studies/"
      >
        <span>
          See More
        </span>
      </nuxtlink-stub>
    </div>
  </section>
   
  <quickprojectstart-stub />
   
  <customertestimonials-stub />
   
  <section
    class="customer-rates"
    id="customer-rates"
  >
    <div
      class="container"
    >
      <h2
        class="customer-rates__main-title"
      >
        <span>
          Fantastic
        </span>
         
        <br />
        
      customer   
        <span
          class="customer-rates__title-icon"
        >
          rates:
        </span>
      </h2>
       
      <div
        class="customer-rates__row customer-rates__row--top"
      >
        <div
          class="customer-rates__row-item"
        >
          <div
            class="customer-rates__rates-block"
          >
            <p
              class="customer-rates__number-item"
            >
              
            92%
          
            </p>
             
            <p
              class="customer-rates__description"
            >
              
            recommend us
            
              <br
                class="customer-rates__line-break"
              />
              
            to others.
          
            </p>
          </div>
        </div>
        <div
          class="customer-rates__row-item"
        >
          <div
            class="customer-rates__rates-block"
          >
            <p
              class="customer-rates__number-item"
            >
              
            87%
          
            </p>
             
            <p
              class="customer-rates__description"
            >
              
            stay with us for
            
              <br
                class="customer-rates__line-break"
              />
              
            more than 2 years.
          
            </p>
          </div>
        </div>
        <div
          class="customer-rates__row-item"
        >
          <div
            class="customer-rates__rates-block"
          >
            <p
              class="customer-rates__number-item"
            >
              
            98%
          
            </p>
             
            <p
              class="customer-rates__description"
            >
              
            are satisfied with
            
              <br
                class="customer-rates__line-break"
              />
              
            our pricing.
          
            </p>
          </div>
        </div>
      </div>
       
      <h3
        class="customer-rates__section-sub-title"
      >
        
      Mad Devs' key metrics:
    
      </h3>
       
      <div
        class="customer-rates__row customer-rates__row--bottom"
      >
        <div
          class="customer-rates__row-item"
        >
          <div
            class="customer-rates__rates-block"
          >
            <p
              class="customer-rates__number-item"
            >
              
            10M+
          
            </p>
             
            <p
              class="customer-rates__description"
            >
              
            US dollars raised by 5 customer startups in 2019.
          
            </p>
          </div>
        </div>
        <div
          class="customer-rates__row-item"
        >
          <div
            class="customer-rates__rates-block"
          >
            <p
              class="customer-rates__number-item"
            >
              
            75%
          
            </p>
             
            <p
              class="customer-rates__description"
            >
              
            of customers are now paying 50% less for IT infrastructure.
          
            </p>
          </div>
        </div>
        <div
          class="customer-rates__row-item"
        >
          <div
            class="customer-rates__rates-block"
          >
            <p
              class="customer-rates__number-item"
            >
              
            30+
          
            </p>
             
            <p
              class="customer-rates__description"
            >
              
            tech bloggers and conference speakers in our team.
          
            </p>
          </div>
        </div>
        <div
          class="customer-rates__row-item"
        >
          <div
            class="customer-rates__rates-block"
          >
            <p
              class="customer-rates__number-item"
            >
              
            50+
          
            </p>
             
            <p
              class="customer-rates__description"
            >
              
            projects delivered to customers by our team.
          
            </p>
          </div>
        </div>
        <div
          class="customer-rates__row-item"
        >
          <div
            class="customer-rates__rates-block"
          >
            <p
              class="customer-rates__number-item"
            >
              
            100+
          
            </p>
             
            <p
              class="customer-rates__description"
            >
              
            staff members work for Mad Devs.
          
            </p>
          </div>
        </div>
        <div
          class="customer-rates__row-item"
        >
          <div
            class="customer-rates__rates-block"
          >
            <p
              class="customer-rates__number-item"
            >
              
            70+
          
            </p>
             
            <p
              class="customer-rates__description"
            >
              
            open-source projects on GitHub.
          
            </p>
          </div>
        </div>
      </div>
    </div>
  </section>
   
  <meetourexperts-stub />
</main>
`;
