// Jest Snapshot v1, https://goo.gl/fbAQLP

exports[`HRContactCard is a Vue instance 1`] = `
<div>
  <div
    class="hr-contact"
  >
    <div
      class="hr-contact__image"
    >
      <img
        alt="Diana"
        data-src="img.jpg"
      />
    </div>
     
    <div
      class="hr-contact__info"
    >
      <p
        class="hr-contact__title"
      >
        
      translated
    
      </p>
       
      <p
        class="hr-contact__description"
      >
        
      translated
      
        <a
          href="https://t.me/DianaHRDigital"
          target="_blank"
        >
          <img
            data-src="img.jpg"
            height="17"
            width="20"
          />
           
          <span>
            @DianaHRDigital
          </span>
        </a>
      </p>
    </div>
  </div>
</div>
`;
