// Jest Snapshot v1, https://goo.gl/fbAQLP

exports[`KeyMetrics component should render correctly 1`] = `
<div>
  <div
    class="key-metrics_container container"
  >
    <h2
      class="key-metrics_title"
    >
      
    translated
  
    </h2>
     
    <div
      class="key-metrics_grid"
    >
      <div
        class="metrica-card"
      >
        <h3
          class="metrica-card_title"
        >
          
    70+
  
        </h3>
         
        <p
          class="metrica-card_description"
        >
          
    translated
  
        </p>
      </div>
      <div
        class="metrica-card"
      >
        <h3
          class="metrica-card_title"
        >
          
    100+
  
        </h3>
         
        <p
          class="metrica-card_description"
        >
          
    translated
  
        </p>
      </div>
      <div
        class="metrica-card"
      >
        <h3
          class="metrica-card_title"
        >
          
    30+
  
        </h3>
         
        <p
          class="metrica-card_description"
        >
          
    translated
  
        </p>
      </div>
      <div
        class="metrica-card"
      >
        <h3
          class="metrica-card_title"
        >
          
    100+
  
        </h3>
         
        <p
          class="metrica-card_description"
        >
          
    translated
  
        </p>
      </div>
      <div
        class="metrica-card"
      >
        <h3
          class="metrica-card_title"
        >
          
    0
  
        </h3>
         
        <p
          class="metrica-card_description"
        >
          
    translated
  
        </p>
      </div>
      <div
        class="metrica-card"
      >
        <h3
          class="metrica-card_title"
        >
          
    10K
  
        </h3>
         
        <p
          class="metrica-card_description"
        >
          
    translated
  
        </p>
      </div>
    </div>
  </div>
</div>
`;
