// Jest Snapshot v1, https://goo.gl/fbAQLP

exports[`AuthorBanner component should render correctly 1`] = `
<div>
  <div
    class="container"
  >
    <div
      class="current-author"
    >
      <div
        class="current-author__image"
      >
        <picture>
          <source
            data-srcset="&w=128&h=128,&w=256&h=256 2x"
            media="(max-width: 991px)"
          />
           
          <img
            alt=""
            data-src="&w=165&h=165"
            data-srcset="&w=330&h=330 2x"
            height="165"
            width="165"
          />
        </picture>
      </div>
       
      <h1
        class="current-author__name"
      >
        
      Maddevs
    
      </h1>
       
      <p
        class="current-author__position"
      >
        
      
    
      </p>
    </div>
  </div>
</div>
`;
