// Jest Snapshot v1, https://goo.gl/fbAQLP

exports[`NambaFood _uid component should render correctly 1`] = `
<div>
  <main
    class="main case case--nambafood"
  >
    <caseheader-stub
      logo="[object Object]"
      project="nambafood"
      videofallbackpath="/images/Cases/nambafood/jpg/blank.jpg"
      videoname="/videos/main.ef19480.mp4"
    >
      <h1
        class="case_header-title"
      >
        
      Namba Food
    
      </h1>
       
      <p
        class="case_header-description"
      >
        
      Mad Devs created the Namba Food delivery service from scratch. The solution 
        <br />
        
      orchestrates feature-rich apps for couriers, end-users, and business owners.
    
      </p>
    </caseheader-stub>
     
    <main-stub />
     
    <section
      class="case_footer container_full"
    >
      <img
        alt="SJMC"
        class="case_logotype-sjmc"
        data-src="[object Object]"
        height="113"
        width="253"
      />
       
      <h2
        class="case_title case_title_h2 case_title-sjmc"
      >
        
    The maintenance 
        <br
          class="case_mobile-break-sjmc"
        />
        
    of memory: 
        <br />
        
    Sir John Monash 
        <br
          class="case_mobile-break-sjmc"
        />
        
    Centre
  
      </h2>
       
      <nuxtlink-stub
        class="case_next-project-button"
        to="/case-studies/sir-john-monash-centre/"
      >
        
    Read next project
  
      </nuxtlink-stub>
    </section>
  </main>
</div>
`;
