// Jest Snapshot v1, https://goo.gl/fbAQLP

exports[`InternationalTradeCenter root component should render correctly 1`] = `
<div>
  <main
    class="case case--itc"
  >
    <caseheader-stub
      logo="[object Object]"
      project="itc"
      videofallbackpath="/images/Cases/itc/jpg/itc-banner.jpg"
      videoname="/videos/itc-banner.mp4"
    >
      <h1
        class="case_header-title"
      >
        
      Ready4Trade 
        <br />
         Central Asia
    
      </h1>
       
      <p
        class="case_header-description"
      >
        
      A web app customized for the delivery of export management coaching 
        <br />
         missions that contributes to the development of 
        <span
          class="case_nowrap"
        >
          intra-regional
        </span>
         
        <br />
         and international trade in Central Asia
    
      </p>
    </caseheader-stub>
     
    <main-stub />
     
    <section
      class="case_footer container_full"
    >
      <img
        alt="Optimization for Veeqo"
        class="case_logotype-veeqo"
        data-src="[object Object]"
        height="72"
        width="195"
      />
       
      <h2
        class="case_title case_title_h2 case_title-veeqo"
      >
        
    Optimization for Veeqo
  
      </h2>
       
      <nuxtlink-stub
        class="case_next-project-button"
        to="/case-studies/veeqo/"
      >
        
    Read next project
  
      </nuxtlink-stub>
    </section>
  </main>
</div>
`;
