// Jest Snapshot v1, https://goo.gl/fbAQLP

exports[`Veeqo root component should render correctly 1`] = `
<div>
  <main
    class="case case--veeqo"
  >
    <caseheader-stub
      logo="[object Object]"
      project="veeqo"
      videofallbackpath="/images/Cases/veeqo/svg/veeqo-banner-bg.svg"
      videoname="/videos/veeqo-banner.mp4"
    >
      <h1
        class="case_header-title"
      >
        
      Optimization 
        <br />
         for Veeqo
    
      </h1>
       
      <p
        class="case_header-description"
      >
        
      Our DevOps team optimized the infrastructure for Veeqo, an inventory 
        <br />
         and shipping 
        <span
          class="case_nowrap"
        >
          e-commerce
        </span>
         platform, and made it highly efficient, smooth, 
        <br />
         and cost-effective for our partners.
    
      </p>
    </caseheader-stub>
     
    <main-stub />
     
    <section
      class="case_footer container_full"
    >
      <img
        alt="The Evolution of Yourcast.TV"
        class="case_logotype-yourcast"
        data-src="[object Object]"
        height="57"
        width="270"
      />
       
      <h2
        class="case_title case_title_h2 case_title-yourcast"
      >
        
    The Evolution of Yourcast.TV
  
      </h2>
       
      <nuxtlink-stub
        class="case_next-project-button"
        to="/case-studies/yourcast/"
      >
        
    Read next project
  
      </nuxtlink-stub>
    </section>
  </main>
</div>
`;
