// Jest Snapshot v1, https://goo.gl/fbAQLP

exports[`CaseYourcast _uid component should render correctly 1`] = `
<div>
  <main
    class="case case--yourcast"
  >
    <caseheader-stub
      logo="[object Object]"
      project="yourcast"
      videofallbackpath="/images/Cases/yourcast/png/banner-bg.png"
      videoname="/videos/yourcast-banner.mp4"
    >
      <h1
        class="case_header-title"
      >
        
      The Evolution 
        <br />
        
      of Yourcast.TV
    
      </h1>
       
      <p
        class="case_header-description"
      >
        
      Mad Devs developed a secure and private video streaming service and live 
        <br />
        
      video broadcasting cinema to provide entertainment experience to isolated 
        <br />
        
      groups feeling homesick.
    
      </p>
    </caseheader-stub>
     
    <main-stub />
     
    <section
      class="case_footer container_full"
    >
      <img
        alt="SJMC"
        class="case_logotype-sjmc"
        data-src="[object Object]"
        height="113"
        width="253"
      />
       
      <h2
        class="case_title case_title_h2 case_title-sjmc"
      >
        
    The maintenance 
        <br
          class="case_mobile-break-sjmc"
        />
        
    of memory: 
        <br />
        
    Sir John Monash 
        <br
          class="case_mobile-break-sjmc"
        />
        
    Centre
  
      </h2>
       
      <nuxtlink-stub
        class="case_next-project-button"
        to="/case-studies/sir-john-monash-centre/"
      >
        
    Read next project
  
      </nuxtlink-stub>
    </section>
  </main>
</div>
`;
