// Jest Snapshot v1, https://goo.gl/fbAQLP

exports[`Team component should render correctly 1`] = `
<div>
  <section
    class="container_regular"
  >
    <h2
      class="case_title_h2 m-24_bottom"
    >
      
    Meet the team
  
    </h2>
     
    <ul
      class="case_list-team m-96_bottom media-m-48_bottom"
    >
      <li
        class="case_team-item"
      >
        <picture-stub
          alt="Kirill Zinchenko"
          background="true"
          class="case_team-item__image"
          extension="png"
          file="zinchenko"
          folder="common"
          height="50"
          width="50"
        />
         
        <div
          class="case_team-item__info"
        >
          <p
            class="case_team-item__name"
          >
            
      Kirill Zinchenko
    
          </p>
           
          <p
            class="case_team-item__position"
          >
            
      Project Manager
    
          </p>
        </div>
      </li>
      <li
        class="case_team-item"
      >
        <picture-stub
          alt="Oleg Glazyrin"
          background="true"
          class="case_team-item__image"
          extension="png"
          file="oleg-glazyrin"
          folder="common"
          height="50"
          width="50"
        />
         
        <div
          class="case_team-item__info"
        >
          <p
            class="case_team-item__name"
          >
            
      Oleg Glazyrin
    
          </p>
           
          <p
            class="case_team-item__position"
          >
            
      Full-Stack Developer
    
          </p>
        </div>
      </li>
      <li
        class="case_team-item"
      >
        <picture-stub
          alt="Andrew Gubskii"
          background="true"
          class="case_team-item__image"
          extension="png"
          file="andrew-gubskii"
          folder="common"
          height="50"
          width="50"
        />
         
        <div
          class="case_team-item__info"
        >
          <p
            class="case_team-item__name"
          >
            
      Andrew Gubskii
    
          </p>
           
          <p
            class="case_team-item__position"
          >
            
      Full-Stack Developer
    
          </p>
        </div>
      </li>
      <li
        class="case_team-item"
      >
        <picture-stub
          alt="Dmitrii Khalezin"
          background="true"
          class="case_team-item__image"
          extension="png"
          file="dmitrii-khalezin"
          folder="common"
          height="50"
          width="50"
        />
         
        <div
          class="case_team-item__info"
        >
          <p
            class="case_team-item__name"
          >
            
      Dmitrii Khalezin
    
          </p>
           
          <p
            class="case_team-item__position"
          >
            
      DevOps Engineer
    
          </p>
        </div>
      </li>
    </ul>
  </section>
</div>
`;
