// Jest Snapshot v1, https://goo.gl/fbAQLP

exports[`BeforeAfter component should render correctly 1`] = `
<div>
  <section>
    <section
      class="container_full case_before-after-wrapper background-color-silver m-48_top media-m-20_top"
    >
      <h2
        class="case_title_h2 m-24_bottom case_text-align-center"
      >
        
      Before & After
    
      </h2>
       
      <div
        class="container_regular"
      >
        <div
          class="comparsion-container"
          data-testid="track-img"
        >
          <img-comparison-slider>
            <img
              height="578.47"
              slot="first"
              src="img.jpg"
              width="1000"
            />
             
            <img
              height="578.47"
              slot="second"
              src="img.jpg"
              width="1000"
            />
          </img-comparison-slider>
        </div>
      </div>
    </section>
     
    <p
      class="case_image-description m-12_top m-104_bottom media-m-48_bottom"
    >
      
    GoDee 2018 VS. GoDee 2021
  
    </p>
  </section>
</div>
`;
