// Jest Snapshot v1, https://goo.gl/fbAQLP

exports[`PreviewCards component should render correctly 1`] = `
<div>
  <section
    class="container_full background-color-black-primary-bg p-100_top p-100_bottom media-p-48_top media-p-48_bottom"
  >
    <div
      class="container_regular"
    >
      <div
        class="case_preview-cards"
      >
        <div
          class="case_preview-cards-top-cards-wrapper"
        >
          <div
            class="case_card background-color-godee-black-card"
          >
            <div
              class="card-content card-content_application-for-passengers"
            >
              <div
                class="card-content_text-wrapper"
              >
                <h4
                  class="case_title_h4 card-content_title"
                >
                  
      Mobile application for passengers
    
                </h4>
                 
                <p
                  class="case_paragraph card-content_description"
                >
                  
      Ticket booking process is intuitive — the passenger needs to select the pick up and drop off points, choose the departure time in the schedule, and book the ticket. The most suitable route will be found automatically.
    
                </p>
              </div>
               
              <div
                class="card-content_image-wrapper card-content_image-wrapper-application-for-passengers"
              >
                <picture-stub
                  alt="GoDee: Bus Transit App for Passengers."
                  class=""
                  extension="png"
                  file="application-for-passengers-card"
                  folder="godee"
                  height="211"
                  width="334"
                />
                 
                <!---->
              </div>
            </div>
          </div>
           
          <div
            class="case_card background-color-godee-black-card"
          >
            <div
              class="card-content card-content_application-for-drivers"
            >
              <div
                class="card-content_text-wrapper"
              >
                <h4
                  class="case_title_h4 card-content_title"
                >
                  
      Mobile applications for drivers
    
                </h4>
                 
                <p
                  class="case_paragraph card-content_description"
                >
                  
      The drivers’ transit app enables them to pick up passengers from bus stops, according to their previously booked tickets.
    
                </p>
              </div>
               
              <div
                class="card-content_image-wrapper card-content_image-wrapper-application-for-drivers"
              >
                <picture-stub
                  alt="GoDee: Bus Drivers App."
                  class=""
                  extension="png"
                  file="application-for-drivers-card"
                  folder="godee"
                  height="280"
                  width="313"
                />
                 
                <!---->
              </div>
            </div>
          </div>
        </div>
         
        <div
          class="case_card background-color-godee-black-card"
        >
          <div
            class="card-content card-content_godee-admin-panel"
          >
            <div
              class="card-content_text-wrapper"
            >
              <h4
                class="case_title_h4 card-content_title"
              >
                
      Intelligent management panel
    
              </h4>
               
              <p
                class="case_paragraph card-content_description"
              >
                
      Used to create routes, get reports and map current active routes.
    
              </p>
            </div>
             
            <div
              class="card-content_image-wrapper card-content_image-wrapper-godee-admin-panel"
            >
              <picture-stub
                alt="GoDee: Bus App Management System."
                class="card-content_desktop-image"
                extension="png"
                file="godee-admin-panel-card"
                folder="godee"
                height="219"
                width="695"
              />
               
              <picture-stub
                alt="GoDee: bus app management control panel"
                class="card-content_mobile-image"
                extension="png"
                file="godee-admin-panel-card-mobile"
                folder="godee"
                height="160"
                width="307"
              />
            </div>
          </div>
        </div>
      </div>
    </div>
  </section>
</div>
`;
