// Jest Snapshot v1, https://goo.gl/fbAQLP

exports[`Team component should render correctly 1`] = `
<div>
  <section
    class="container_regular m-72_bottom media-m-48_bottom"
  >
    <h2
      class="case_title_h2 m-48_bottom media-m-24_bottom"
    >
      
    Meet the team
  
    </h2>
     
    <ul
      class="case_list-team m-72_bottom media-m-48_bottom"
    >
      <li
        class="case_team-item"
      >
        <picture-stub
          alt="Oleg Puzanov"
          background="true"
          class="case_team-item__image"
          extension="png"
          file="oleg-puzanov"
          folder="common"
          height="50"
          width="50"
        />
         
        <div
          class="case_team-item__info"
        >
          <p
            class="case_team-item__name"
          >
            
      Oleg Puzanov
    
          </p>
           
          <p
            class="case_team-item__position"
          >
            
      CTO
    
          </p>
        </div>
      </li>
      <li
        class="case_team-item"
      >
        <picture-stub
          alt="Ruslan Kasymov"
          background="true"
          class="case_team-item__image"
          extension="png"
          file="kasymov"
          folder="common"
          height="50"
          width="50"
        />
         
        <div
          class="case_team-item__info"
        >
          <p
            class="case_team-item__name"
          >
            
      Ruslan Kasymov
    
          </p>
           
          <p
            class="case_team-item__position"
          >
            
      QA Engineer and PM
    
          </p>
        </div>
      </li>
      <li
        class="case_team-item"
      >
        <picture-stub
          alt="Rustom Kulbatyrov"
          background="true"
          class="case_team-item__image"
          extension="png"
          file="kulbatyrov"
          folder="common"
          height="50"
          width="50"
        />
         
        <div
          class="case_team-item__info"
        >
          <p
            class="case_team-item__name"
          >
            
      Rustom Kulbatyrov
    
          </p>
           
          <p
            class="case_team-item__position"
          >
            
      Android Developer
    
          </p>
        </div>
      </li>
      <li
        class="case_team-item"
      >
        <picture-stub
          alt="Vladimir Pan"
          background="true"
          class="case_team-item__image"
          extension="png"
          file="vladimir-pan"
          folder="common"
          height="50"
          width="50"
        />
         
        <div
          class="case_team-item__info"
        >
          <p
            class="case_team-item__name"
          >
            
      Vladimir Pan
    
          </p>
           
          <p
            class="case_team-item__position"
          >
            
      QA Engineer
    
          </p>
        </div>
      </li>
      <li
        class="case_team-item"
      >
        <picture-stub
          alt="Belek Abylov"
          background="true"
          class="case_team-item__image"
          extension="png"
          file="belek-abylov"
          folder="common"
          height="50"
          width="50"
        />
         
        <div
          class="case_team-item__info"
        >
          <p
            class="case_team-item__name"
          >
            
      Belek Abylov
    
          </p>
           
          <p
            class="case_team-item__position"
          >
            
      Backend Developer
    
          </p>
        </div>
      </li>
      <li
        class="case_team-item"
      >
        <picture-stub
          alt="Bakhtiyar Ganyev"
          background="true"
          class="case_team-item__image"
          extension="png"
          file="bakhtiyar-ganyev"
          folder="common"
          height="50"
          width="50"
        />
         
        <div
          class="case_team-item__info"
        >
          <p
            class="case_team-item__name"
          >
            
      Bakhtiyar Ganyev
    
          </p>
           
          <p
            class="case_team-item__position"
          >
            
      iOS Developer
    
          </p>
        </div>
      </li>
      <li
        class="case_team-item"
      >
        <picture-stub
          alt="Gennady Karev"
          background="true"
          class="case_team-item__image"
          extension="png"
          file="gennady-karev"
          folder="common"
          height="50"
          width="50"
        />
         
        <div
          class="case_team-item__info"
        >
          <p
            class="case_team-item__name"
          >
            
      Gennady Karev
    
          </p>
           
          <p
            class="case_team-item__position"
          >
            
      Backend Developer
    
          </p>
        </div>
      </li>
      <li
        class="case_team-item"
      >
        <picture-stub
          alt="Aleksandr Krivov"
          background="true"
          class="case_team-item__image"
          extension="png"
          file="aleksandr-krivov"
          folder="common"
          height="50"
          width="50"
        />
         
        <div
          class="case_team-item__info"
        >
          <p
            class="case_team-item__name"
          >
            
      Aleksandr Krivov
    
          </p>
           
          <p
            class="case_team-item__position"
          >
            
      UX/UI Specialist
    
          </p>
        </div>
      </li>
      <li
        class="case_team-item"
      >
        <picture-stub
          alt="Vlada Arevkova"
          background="true"
          class="case_team-item__image"
          extension="png"
          file="vlada-arevkova"
          folder="common"
          height="50"
          width="50"
        />
         
        <div
          class="case_team-item__info"
        >
          <p
            class="case_team-item__name"
          >
            
      Vlada Arevkova
    
          </p>
           
          <p
            class="case_team-item__position"
          >
            
      UX/UI Specialist
    
          </p>
        </div>
      </li>
      <li
        class="case_team-item"
      >
        <picture-stub
          alt="Erik Sultanaliev"
          background="true"
          class="case_team-item__image"
          extension="png"
          file="erik-sultanaliev"
          folder="common"
          height="50"
          width="50"
        />
         
        <div
          class="case_team-item__info"
        >
          <p
            class="case_team-item__name"
          >
            
      Erik Sultanaliev
    
          </p>
           
          <p
            class="case_team-item__position"
          >
            
      Backend Developer
    
          </p>
        </div>
      </li>
      <li
        class="case_team-item"
      >
        <picture-stub
          alt="Myrzabek Kylychev"
          background="true"
          class="case_team-item__image"
          extension="png"
          file="myrzabek-kylychev"
          folder="common"
          height="50"
          width="50"
        />
         
        <div
          class="case_team-item__info"
        >
          <p
            class="case_team-item__name"
          >
            
      Myrzabek Kylychev
    
          </p>
           
          <p
            class="case_team-item__position"
          >
            
      Android Developer
    
          </p>
        </div>
      </li>
      <li
        class="case_team-item"
      >
        <picture-stub
          alt="Pavel Pushkarev"
          background="true"
          class="case_team-item__image"
          extension="png"
          file="pushkarev"
          folder="common"
          height="50"
          width="50"
        />
         
        <div
          class="case_team-item__info"
        >
          <p
            class="case_team-item__name"
          >
            
      Pavel Pushkarev
    
          </p>
           
          <p
            class="case_team-item__position"
          >
            
      iOS Developer
    
          </p>
        </div>
      </li>
    </ul>
     
    <blockquote
      alt="Ruslan Karabukaev"
      class="case_blockquote-author m-auto case_text-align-center m-72_bottom p-48_top media-m-48_bottom"
    >
      
    We built the platforms from scratch with the Mad Devs team, who dedicatedly supported and guided us to take
    proper action on several ideas and requirements. We have attracted 27,000 users so far, thanks to their
    continuous support for improvement and development.
   
      <div
        class="case_blockquote-author__author-info m-24_top"
      >
        <div
          class="case_blockquote-author__photo m-auto"
        >
          <picture-stub
            alt="Ruslan Karabukaev"
            extension="png"
            file="ruslan-karabukaev"
            folder="godee"
            height="71"
            width="71"
          />
        </div>
         
        <p
          class="case_paragraph case_blockquote-author__name"
        >
          
      Ruslan Karabukaev
    
        </p>
         
        <p
          class="case_blockquote-author__position"
        >
          
      Co-founder of GoDee
    
        </p>
      </div>
    </blockquote>
  </section>
</div>
`;
