// Jest Snapshot v1, https://goo.gl/fbAQLP

exports[`TechnologyStack component should render correctly 1`] = `
<div>
  <section
    class="container_regular"
  >
    <h3
      class="case_title_h3 m-24_bottom media-m-12_bottom"
    >
      
    Technology stack
  
    </h3>
     
    <ul
      class="case_list-technologies m-96_bottom media-m-48_bottom case_list-technologies-godee"
    >
      <listtechnologiesitem-stub
        alt="Open Street Map"
        imgalt=""
        name="open-street-map"
      />
      <listtechnologiesitem-stub
        alt="Google Maps"
        imgalt=""
        name="google-maps"
      />
      <listtechnologiesitem-stub
        alt="PostgreSQL"
        imgalt=""
        name="postgresql"
      />
      <listtechnologiesitem-stub
        alt="Docker"
        classname="case_technologies-item__docker"
        imgalt=""
        name="docker"
      />
      <listtechnologiesitem-stub
        alt="Nginx"
        imgalt=""
        name="nginx"
      />
      <listtechnologiesitem-stub
        alt="Redis"
        imgalt=""
        name="redis"
      />
      <listtechnologiesitem-stub
        alt="Python (Django)"
        imgalt=""
        name="python"
      />
      <listtechnologiesitem-stub
        alt="Golang"
        imgalt=""
        name="go"
      />
      <listtechnologiesitem-stub
        alt="Kotlin"
        imgalt=""
        name="kotlin"
      />
      <listtechnologiesitem-stub
        alt="Atlassian"
        imgalt=""
        name="atlassian"
      />
      <listtechnologiesitem-stub
        alt="Swift"
        imgalt=""
        name="swift"
      />
      <listtechnologiesitem-stub
        alt="Firebase"
        imgalt=""
        name="firebase"
      />
      <listtechnologiesitem-stub
        alt="TestFlight"
        imgalt=""
        name="test-flight"
      />
      <listtechnologiesitem-stub
        alt="Datadog"
        imgalt=""
        name="datadog"
      />
      <listtechnologiesitem-stub
        alt="Android"
        imgalt=""
        name="android-black-text"
      />
      <listtechnologiesitem-stub
        alt="Suite"
        imgalt=""
        name="suite"
      />
      <listtechnologiesitem-stub
        alt="Jira Software"
        imgalt=""
        name="jira-software"
      />
      <listtechnologiesitem-stub
        alt="GRPC"
        classname="case_technologies-item__grpc"
        imgalt=""
        name="grpc"
      />
      <listtechnologiesitem-stub
        alt="iOS"
        imgalt=""
        name="apple-black"
      />
      <listtechnologiesitem-stub
        alt="UptimeRobot"
        classname="case_technologies-item__uptime-robot"
        imgalt=""
        name="uptime-robot"
      />
      <listtechnologiesitem-stub
        alt="Mapbox"
        imgalt=""
        name="map-box"
      />
      <listtechnologiesitem-stub
        alt="Vue JS"
        imgalt=""
        name="vue"
      />
      <listtechnologiesitem-stub
        alt="Sentry"
        imgalt=""
        name="sentry-black"
      />
      <listtechnologiesitem-stub
        alt="Here Traffic"
        imgalt=""
        name="here"
      />
      <listtechnologiesitem-stub
        alt="Basecamp"
        imgalt=""
        name="basecamp-transparent"
      />
    </ul>
  </section>
</div>
`;
