// Jest Snapshot v1, https://goo.gl/fbAQLP

exports[`ListTeamItem component should render correctly 1`] = `
<div>
  <li
    class="case_team-item"
  >
    <picture-stub
      alt="some-name"
      background="true"
      class="case_team-item__image"
      extension="png"
      file=""
      folder="common"
      height="50"
      lazy="true"
      width="50"
    />
     
    <div
      class="case_team-item__info"
    >
      <p
        class="case_team-item__name"
      >
        
      some-name
    
      </p>
       
      <p
        class="case_team-item__position"
      >
        
      
    
      </p>
    </div>
  </li>
</div>
`;
