// Jest Snapshot v1, https://goo.gl/fbAQLP

exports[`ModalContentLocker component should correctly called handle sended form 1`] = `<div id="" class="modal-content-locker"></div>`;

exports[`ModalContentLocker component should correctly render 1`] = `
<div>
  <transition-stub
    class="modal-content-locker"
    mode="out-in"
    name="main-fade"
  >
    <!---->
  </transition-stub>
</div>
`;
