// Jest Snapshot v1, https://goo.gl/fbAQLP

exports[`ModalSuccess component should modal correctly open and close 1`] = `
<transition-stub name="main-fade" mode="out-in">
  <!---->
</transition-stub>
`;

exports[`ModalSuccess component should render correctly 1`] = `
<div>
  <transition-stub
    displaytime="1000"
    mode="out-in"
    name="main-fade"
    visibled="true"
  >
    <!---->
  </transition-stub>
</div>
`;
