// Jest Snapshot v1, https://goo.gl/fbAQLP

exports[`FooterForm should render correctly 1`] = `
<div>
  <section>
    <baseform-stub
      additionalvalid="true"
      buttonclassname="ui-button--transparent-bgc ui-button_submit-button-footer"
      buttonlabel="Order a project now"
      classname="footer-form"
      companyplaceholder="My Awesome Company, Inc."
      descriptionplaceholder="Describe your project..."
      emailplaceholder="your@mail.com"
      emailrequired="true"
      fullnameplaceholder="John Smith"
      id="footer-form"
      phoneplaceholder="Phone number"
      usedescription="true"
    />
     
    <modalsuccess-stub
      id="footer-modal"
    />
  </section>
</div>
`;
