// Jest Snapshot v1, https://goo.gl/fbAQLP

exports[`Banner component should render correctly 1`] = `
<div>
  <div
    class="open-source-banner"
    id="transparent-header-area"
  >
    <picture>
      <source
        class="open-source-banner__image"
        srcset="img.jpg ,img.jpg 2x"
        type="image/webp"
      />
       
      <img
        alt="Programmer"
        class="open-source-banner__image"
        height="969"
        src="img.jpg"
        srcset="img.jpg 2x"
        width="1680"
      />
    </picture>
     
    <div
      class="container"
    >
      <div
        class="open-source-banner__content"
        style="opacity: 1;"
      >
        <h1
          class="open-source-banner__title"
        >
          
        The power 
          <br />
           of open source
      
        </h1>
         
        <p
          class="open-source-banner__subtitle"
        >
          
        While we love writing code, nothing excites us more than collaborating with other members of the tech community.
        We love building with new and emerging technologies here at Mad Devs. Making the world a better place, one line of code at a time.
      
        </p>
      </div>
    </div>
  </div>
</div>
`;
