// Jest Snapshot v1, https://goo.gl/fbAQLP

exports[`Team component should render correctly 1`] = `
<div>
  <section
    class="container_regular"
  >
    <h2
      class="case_title_h2 m-24_bottom"
    >
      
    Meet the team
  
    </h2>
     
    <ul
      class="case_list-team m-72_bottom media-m-41_bottom"
    >
      <li
        class="case_team-item"
      >
        <picture-stub
          alt="Oleg Katkov"
          background="true"
          class="case_team-item__image"
          extension="png"
          file="oleg-katkov"
          folder="common"
          height="50"
          width="50"
        />
         
        <div
          class="case_team-item__info"
        >
          <p
            class="case_team-item__name"
          >
            
      Oleg Katkov
    
          </p>
           
          <p
            class="case_team-item__position"
          >
            
      Software Engineer
    
          </p>
        </div>
      </li>
      <li
        class="case_team-item"
      >
        <picture-stub
          alt="Pavel Kalashnikov"
          background="true"
          class="case_team-item__image"
          extension="png"
          file="pavel-kalashnikov"
          folder="common"
          height="50"
          width="50"
        />
         
        <div
          class="case_team-item__info"
        >
          <p
            class="case_team-item__name"
          >
            
      Pavel Kalashnikov
    
          </p>
           
          <p
            class="case_team-item__position"
          >
            
      Full-Stack Developer
    
          </p>
        </div>
      </li>
      <li
        class="case_team-item"
      >
        <picture-stub
          alt="Meder Akkozov"
          background="true"
          class="case_team-item__image"
          extension="png"
          file="meder-akkozov"
          folder="common"
          height="50"
          width="50"
        />
         
        <div
          class="case_team-item__info"
        >
          <p
            class="case_team-item__name"
          >
            
      Meder Akkozov
    
          </p>
           
          <p
            class="case_team-item__position"
          >
            
      Backend Developer
    
          </p>
        </div>
      </li>
      <li
        class="case_team-item"
      >
        <picture-stub
          alt="Alisa Manakova"
          background="true"
          class="case_team-item__image"
          extension="png"
          file="alisa-manakova"
          folder="common"
          height="50"
          width="50"
        />
         
        <div
          class="case_team-item__info"
        >
          <p
            class="case_team-item__name"
          >
            
      Alisa Manakova
    
          </p>
           
          <p
            class="case_team-item__position"
          >
            
      Frontend Developer
    
          </p>
        </div>
      </li>
      <li
        class="case_team-item"
      >
        <picture-stub
          alt="Denis Grushkin"
          background="true"
          class="case_team-item__image"
          extension="png"
          file="denis-grushkin"
          folder="common"
          height="50"
          width="50"
        />
         
        <div
          class="case_team-item__info"
        >
          <p
            class="case_team-item__name"
          >
            
      Denis Grushkin
    
          </p>
           
          <p
            class="case_team-item__position"
          >
            
      Frontend Developer
    
          </p>
        </div>
      </li>
      <li
        class="case_team-item"
      >
        <picture-stub
          alt="Anton Grushkin"
          background="true"
          class="case_team-item__image"
          extension="png"
          file="anton-grushkin"
          folder="common"
          height="50"
          width="50"
        />
         
        <div
          class="case_team-item__info"
        >
          <p
            class="case_team-item__name"
          >
            
      Anton Grushkin
    
          </p>
           
          <p
            class="case_team-item__position"
          >
            
      Frontend Developer
    
          </p>
        </div>
      </li>
      <li
        class="case_team-item"
      >
        <picture-stub
          alt="Dmitrii Khalezin"
          background="true"
          class="case_team-item__image"
          extension="png"
          file="dmitrii-khalezin"
          folder="common"
          height="50"
          width="50"
        />
         
        <div
          class="case_team-item__info"
        >
          <p
            class="case_team-item__name"
          >
            
      Dmitrii Khalezin
    
          </p>
           
          <p
            class="case_team-item__position"
          >
            
      DevOps Engineer
    
          </p>
        </div>
      </li>
      <li
        class="case_team-item"
      >
        <picture-stub
          alt="Vladimir Shebarshov"
          background="true"
          class="case_team-item__image"
          extension="png"
          file="vladimir-shebarshov"
          folder="common"
          height="50"
          width="50"
        />
         
        <div
          class="case_team-item__info"
        >
          <p
            class="case_team-item__name"
          >
            
      Vladimir Shebarshov
    
          </p>
           
          <p
            class="case_team-item__position"
          >
            
      Frontend Developer
    
          </p>
        </div>
      </li>
    </ul>
     
    <blockquote
      alt="Roman Leonov"
      class="case_blockquote-author m-auto case_text-align-center m-72_bottom p-48_top media-m-48_bottom"
      data-aos="fade-up"
      data-aos-anchor-placement="bottom"
    >
      
    We don’t like the routine work that fellow digital marketing specialists have to do, so we’re happy to have created a solution for them. I’d like to thank our co-founders and partners at Mad Devs for this product. It lives, it works as intended, and it’s now bugless and supersmooth.
   
      <div
        class="case_blockquote-author__author-info m-24_top"
      >
        <div
          class="case_blockquote-author__photo m-auto"
        >
          <picture-stub
            alt="Roman Leonov"
            extension="png"
            file="roman-leonov"
            folder="peklo"
            height="71"
            width="71"
          />
        </div>
         
        <p
          class="case_paragraph case_blockquote-author__name"
        >
          
      Roman Leonov
    
        </p>
         
        <p
          class="case_blockquote-author__position"
        >
          
      Founder Peklo Studio & Peklo Tool
    
        </p>
      </div>
    </blockquote>
  </section>
</div>
`;
