// Jest Snapshot v1, https://goo.gl/fbAQLP

exports[`Technologies component should render correctly 1`] = `
<div>
  <section
    class="container_regular"
  >
    <h2
      class="case_title_h2 m-24_bottom media-m-12_bottom"
    >
      
    Technology stack
  
    </h2>
     
    <ul
      class="case_list-technologies m-96_bottom media-m-48_bottom"
    >
      <listtechnologiesitem-stub
        alt="Golang"
        imgalt="Golang"
        name="go"
      />
      <listtechnologiesitem-stub
        alt="PostgreSQL"
        imgalt="PostgreSQL"
        name="postgresql"
      />
      <listtechnologiesitem-stub
        alt="Docker"
        imgalt="Docker"
        name="docker"
      />
      <listtechnologiesitem-stub
        alt="Gitlab"
        imgalt="Gitlab"
        name="gitlab"
      />
      <listtechnologiesitem-stub
        alt="Ruby"
        imgalt="Ruby"
        name="ruby"
      />
      <listtechnologiesitem-stub
        alt="Vue.js"
        imgalt="Vue.js"
        name="vue"
      />
    </ul>
  </section>
</div>
`;
