// Jest Snapshot v1, https://goo.gl/fbAQLP

exports[`header Blog is a Vue instance 1`] = `
<div>
  <div
    class="blog-post__introduction-container"
    cover-image-height="300"
    cover-image-width="200"
    id="introduction-container"
  >
     
    <h1
      class="blog-post__blog-title title"
      id="title"
    >
      
    title
  
    </h1>
     
    <p
      class="blog-post__blog-sub-title"
    >
      
    subtitle
  
    </p>
     
    <div
      class="blog-post__post-info"
    >
      <!---->
       
      <div
        class="blog-post__tag"
      >
        <nuxtlink-stub
          class="post-tag post-tag--dark-theme"
          data-testid="test-tag"
          event="click"
          to="/blog/tag/project-management/"
        >
          
  Project Management

        </nuxtlink-stub>
      </div>
    </div>
     
    <div
      class="blog-post__introduction-image"
    >
      <img
        alt="alt"
        height="534"
        src="url?q=50&w=983&h=534"
        srcset="url?q=50&w=1966&h=1068 2x"
        width="983"
      />
    </div>
  </div>
</div>
`;
